gh-runnermaxxer 3.1.0 · daemon 41213 · tick 2s ago · gh: sahil ◂ (repo, admin:org) · rate 4812/5000
tarball 2.334.0 (latest 2.337.0) ⚠ [g]et latest · disk 41% free
[2m⚠ REFRESH_INTERVAL clamped to 1[m
  PROJECT / RUNNER         PID     STATE        JOB
◂ ▾ myorg/myrepo           2/2                  [2mauto 1-5[m  [2mqueued 3[m
    ● mac-1                4121    idle
    [1m●[m mac-2                4122    busy         build (12m)
    [7m✖[m mac-5                -       quarantined  [2msession conflict: another process holds this runne…[m
  ▾ myorg/other            2/2
    ● mac-3                4123    idle         [2midle (last: Succeeded)[m
    [1m◌[m mac-4                -       backoff 18s  [2mexited unexpectedly[m
  ▾ myorg (org)            [2m0/1[m/0                [7m⚠ token lacks admin:org[m
  ▾ Unconfigured (incomplete setup - remove with d)
    [2m○[m mac-9                -       stopped      [2munconfigured[m
[2m↑↓ move  ←→ count  Enter apply  Esc discard  d drain  x stop  s start  r restart  t projects  ? help[m